// Jest Snapshot v1, https://goo.gl/fbAQLP

exports[`Snapshot Tests loads and displays greeting 1`] = `
<div>
  <h1
    class="text-5xl font-bold text-purple-500"
  >
    Hello world!
  </h1>
</div>
`;
